INFO:     Started server process [41098]
INFO:     Waiting for application startup.
[2m2026-06-04T22:40:57.027604Z[0m [[32m[1minfo     [0m] [1mStarting AI Lead Enrichment Service[0m
[2m2026-06-04T22:40:57.094642Z[0m [[32m[1minfo     [0m] [1mFirebase initialized          [0m
INFO:     Application startup complete.
INFO:     Uvicorn running on http://127.0.0.1:8001 (Press CTRL+C to quit)
[2m2026-06-04T22:41:01.216985Z[0m [[32m[1minfo     [0m] [1mEnrichment job queued         [0m [36mjob_id[0m=[35mJOB-D94D3F297551[0m [36mnum_leads[0m=[35m5[0m [36mrequest_id[0m=[35mREQ-TRIAL-005[0m
INFO:     127.0.0.1:61921 - "POST /api/v1/enrich HTTP/1.1" 500 Internal Server Error
ERROR:    Exception in ASGI application
Traceback (most recent call last):
  File "/Users/sandeshdhurvey/Desktop/endpoint /venv/lib/python3.13/site-packages/uvicorn/protocols/http/httptools_impl.py", line 421, in run_asgi
    result = await app(  # type: ignore[func-returns-value]
             ^^^^^^^^^^^^^^^^^^^^^^^^^^^^^^^^^^^^^^^^^^^^^^
        self.scope, self.receive, self.send
        ^^^^^^^^^^^^^^^^^^^^^^^^^^^^^^^^^^^
    )
    ^
  File "/Users/sandeshdhurvey/Desktop/endpoint /venv/lib/python3.13/site-packages/uvicorn/middleware/proxy_headers.py", line 62, in __call__
    return await self.app(scope, receive, send)
           ^^^^^^^^^^^^^^^^^^^^^^^^^^^^^^^^^^^^
  File "/Users/sandeshdhurvey/Desktop/endpoint /venv/lib/python3.13/site-packages/fastapi/applications.py", line 1159, in __call__
    await super().__call__(scope, receive, send)
  File "/Users/sandeshdhurvey/Desktop/endpoint /venv/lib/python3.13/site-packages/starlette/applications.py", line 90, in __call__
    await self.middleware_stack(scope, receive, send)
  File "/Users/sandeshdhurvey/Desktop/endpoint /venv/lib/python3.13/site-packages/starlette/middleware/errors.py", line 186, in __call__
    raise exc
  File "/Users/sandeshdhurvey/Desktop/endpoint /venv/lib/python3.13/site-packages/starlette/middleware/errors.py", line 164, in __call__
    await self.app(scope, receive, _send)
  File "/Users/sandeshdhurvey/Desktop/endpoint /venv/lib/python3.13/site-packages/starlette/middleware/cors.py", line 88, in __call__
    await self.app(scope, receive, send)
  File "/Users/sandeshdhurvey/Desktop/endpoint /venv/lib/python3.13/site-packages/starlette/middleware/exceptions.py", line 63, in __call__
    await wrap_app_handling_exceptions(self.app, conn)(scope, receive, send)
  File "/Users/sandeshdhurvey/Desktop/endpoint /venv/lib/python3.13/site-packages/starlette/_exception_handler.py", line 53, in wrapped_app
    raise exc
  File "/Users/sandeshdhurvey/Desktop/endpoint /venv/lib/python3.13/site-packages/starlette/_exception_handler.py", line 42, in wrapped_app
    await app(scope, receive, sender)
  File "/Users/sandeshdhurvey/Desktop/endpoint /venv/lib/python3.13/site-packages/fastapi/middleware/asyncexitstack.py", line 18, in __call__
    await self.app(scope, receive, send)
  File "/Users/sandeshdhurvey/Desktop/endpoint /venv/lib/python3.13/site-packages/starlette/routing.py", line 660, in __call__
    await self.middleware_stack(scope, receive, send)
  File "/Users/sandeshdhurvey/Desktop/endpoint /venv/lib/python3.13/site-packages/starlette/routing.py", line 680, in app
    await route.handle(scope, receive, send)
  File "/Users/sandeshdhurvey/Desktop/endpoint /venv/lib/python3.13/site-packages/starlette/routing.py", line 276, in handle
    await self.app(scope, receive, send)
  File "/Users/sandeshdhurvey/Desktop/endpoint /venv/lib/python3.13/site-packages/fastapi/routing.py", line 134, in app
    await wrap_app_handling_exceptions(app, request)(scope, receive, send)
  File "/Users/sandeshdhurvey/Desktop/endpoint /venv/lib/python3.13/site-packages/starlette/_exception_handler.py", line 53, in wrapped_app
    raise exc
  File "/Users/sandeshdhurvey/Desktop/endpoint /venv/lib/python3.13/site-packages/starlette/_exception_handler.py", line 42, in wrapped_app
    await app(scope, receive, sender)
  File "/Users/sandeshdhurvey/Desktop/endpoint /venv/lib/python3.13/site-packages/fastapi/routing.py", line 120, in app
    response = await f(request)
               ^^^^^^^^^^^^^^^^
  File "/Users/sandeshdhurvey/Desktop/endpoint /venv/lib/python3.13/site-packages/fastapi/routing.py", line 674, in app
    raw_response = await run_endpoint_function(
                   ^^^^^^^^^^^^^^^^^^^^^^^^^^^^
    ...<3 lines>...
    )
    ^
  File "/Users/sandeshdhurvey/Desktop/endpoint /venv/lib/python3.13/site-packages/fastapi/routing.py", line 328, in run_endpoint_function
    return await dependant.call(**values)
           ^^^^^^^^^^^^^^^^^^^^^^^^^^^^^^
  File "/Users/sandeshdhurvey/Desktop/endpoint /app/api/routes/enrich.py", line 93, in enrich_leads
    await enqueue_lead_task(
    ...<5 lines>...
    )
  File "/Users/sandeshdhurvey/Desktop/endpoint /app/services/tasks.py", line 29, in enqueue_lead_task
    tasks_client = get_tasks_client()
  File "/Users/sandeshdhurvey/Desktop/endpoint /app/services/tasks.py", line 18, in get_tasks_client
    client = tasks_v2.CloudTasksClient()
  File "/Users/sandeshdhurvey/Desktop/endpoint /venv/lib/python3.13/site-packages/google/cloud/tasks_v2/services/cloud_tasks/client.py", line 727, in __init__
    self._transport = transport_init(
                      ~~~~~~~~~~~~~~^
        credentials=credentials,
        ^^^^^^^^^^^^^^^^^^^^^^^^
    ...<7 lines>...
        api_audience=self._client_options.api_audience,
        ^^^^^^^^^^^^^^^^^^^^^^^^^^^^^^^^^^^^^^^^^^^^^^^
    )
    ^
  File "/Users/sandeshdhurvey/Desktop/endpoint /venv/lib/python3.13/site-packages/google/cloud/tasks_v2/services/cloud_tasks/transports/grpc.py", line 244, in __init__
    super().__init__(
    ~~~~~~~~~~~~~~~~^
        host=host,
        ^^^^^^^^^^
    ...<6 lines>...
        api_audience=api_audience,
        ^^^^^^^^^^^^^^^^^^^^^^^^^^
    )
    ^
  File "/Users/sandeshdhurvey/Desktop/endpoint /venv/lib/python3.13/site-packages/google/cloud/tasks_v2/services/cloud_tasks/transports/base.py", line 115, in __init__
    credentials, _ = google.auth.default(
                     ~~~~~~~~~~~~~~~~~~~^
        scopes=scopes,
        ^^^^^^^^^^^^^^
        quota_project_id=quota_project_id,
        ^^^^^^^^^^^^^^^^^^^^^^^^^^^^^^^^^^
        default_scopes=self.AUTH_SCOPES,
        ^^^^^^^^^^^^^^^^^^^^^^^^^^^^^^^^
    )
    ^
  File "/Users/sandeshdhurvey/Desktop/endpoint /venv/lib/python3.13/site-packages/google/auth/_default.py", line 748, in default
    raise exceptions.DefaultCredentialsError(_CLOUD_SDK_MISSING_CREDENTIALS)
google.auth.exceptions.DefaultCredentialsError: Your default credentials were not found. To set up Application Default Credentials, see https://cloud.google.com/docs/authentication/external/set-up-adc for more information.
INFO:     Shutting down
INFO:     Waiting for application shutdown.
[2m2026-06-04T22:41:11.511776Z[0m [[32m[1minfo     [0m] [1mShutting down AI Lead Enrichment Service[0m
INFO:     Application shutdown complete.
INFO:     Finished server process [41098]
